[worldhappiness.report/index.html]
[backblue.gif]
[fade.gif]
[index.html]
[worldhappiness.report/assets/images/icons/whr-cover-ico.png]
[worldhappiness.report/assets/images/icons/favicon-32x32.png]
[worldhappiness.report/assets/logos/gallup.svg]
[worldhappiness.report/about/index.html]
[worldhappiness.report/faq/index.html]
[worldhappiness.report/archive/index.html]
[worldhappiness.report/assets/logos/uo-wrc.svg]
[worldhappiness.report/data/index.html]
[worldhappiness.report/news/index.html]
[worldhappiness.report/subscribe/index.html]
[worldhappiness.report/assets/logos/sdsn.svg]
[worldhappiness.report/ed/2024/happiness-of-the-younger-the-older-and-those-in-between/index.html]
[worldhappiness.report/ed/2024/happiness-and-age-summary/index.html]
[worldhappiness.report/ed/2024/child-and-adolescent-well-being-global-trends-challenges-and-opportunities/index.html]
[worldhappiness.report/assets/logos/vse.svg]
[worldhappiness.report/ed/2024/index.html]
[worldhappiness.report/ed/2024/supporting-the-well-being-of-an-aging-global-population-associations-between-well-being-and-dementia/index.html]
[worldhappiness.report/ed/2024/differences-in-life-satisfaction-among-older-adults-in-india/index.html]
[worldhappiness.report/assets/logos/cep-logo.svg]
[worldhappiness.report/news/a-latin-american-perspective-on-the-world-happiness-report-2024/index.html]
[worldhappiness.report/news/world-happiness-report-2024-most-comprehensive-picture-yet-of-happiness-across-generations/index.html]
[worldhappiness.report/assets/logos/csd.svg]
[worldhappiness.report/news/join-the-asia-pacific-launch-to-discuss-findings-of-world-happiness-report-2024/index.html]
[worldhappiness.report/news/book-club-with-jeffrey-sachs-a-conversation-with-richard-layard-and-jan-emmanuel-de-neve-on-wellbeing-science-and-policy/index.html]
[worldhappiness.report/news/new-publishing-partnership-for-world-happiness-report/index.html]
[worldhappiness.report/assets/logos/sfu.svg]
[worldhappiness.report/assets/logos/xjtlu.svg]
[worldhappiness.report/assets/logos/glico.svg]
[worldhappiness.report/assets/logos/katsuiku-foundation.png]
[worldhappiness.report/assets/logos/blue-zones.svg]
[worldhappiness.report/assets/logos/illy.svg]
[worldhappiness.report/assets/logos/fondazione-ernesto-illy.svg]
[worldhappiness.report/assets/js/details-utils.js]
[worldhappiness.report/.netlify/scripts/rum]
[worldhappiness.report/index.html]
[worldhappiness.report/assets/js/lite-youtube.js]
[worldhappiness.report/about/index.html]
[worldhappiness.report/faq/index.html]
[worldhappiness.report/archive/index.html]
[worldhappiness.report/ed/2018/index.html]
[worldhappiness.report/data/index.html]
[worldhappiness.report/ed/2023/index.html]
[worldhappiness.report/ed/2013/index.html]
[worldhappiness.report/news/index.html]
[worldhappiness.report/ed/2019/the-sad-state-of-happiness-in-the-united-states-and-the-role-of-digital-media/index.html]
[worldhappiness.report/ed/2022/index.html]
[worldhappiness.report/ed/2021/index.html]
[worldhappiness.report/ed/2020/index.html]
[s3.amazonaws.com/downloads.mailchimp.com/js/mc-validate.js]
[worldhappiness.report/ed/2019/index.html]
[worldhappiness.report/subscribe/index.html]
[worldhappiness.report/ed/2017/index.html]
[worldhappiness.report/ed/2015/index.html]
[worldhappiness.report/ed/2016/index.html]
[worldhappiness.report/ed/2012/index.html]
[worldhappiness.report/assets/images/2024/ch01/WHR_24_CH01_opener.webp]
[worldhappiness.report/news/happiest-countries-prove-resilient-despite-overlapping-crises/index.html]
[worldhappiness.report/news/upcoming-event-deepening-the-impact-of-esd-through-happiness-and-sel/index.html]
[worldhappiness.report/news/upcoming-webinars-continuing-the-conversation-on-happiness/index.html]
[worldhappiness.report/news/amid-war-and-disease-world-happiness-report-shows-bright-spot/index.html]
[worldhappiness.report/news/lifeslices-the-search-for-happiness/index.html]
[worldhappiness.report/news/media-round-up-on-the-world-happiness-report-2022/index.html]
[worldhappiness.report/news/balance-harmony-and-happiness-a-discussion-of-the-world-happiness-report-2022/index.html]
[worldhappiness.report/ed/2024/happiness-and-age-summary/index.html]
[worldhappiness.report/news/video-series-deep-dive-into-the-2021-world-happiness-report/index.html]
[worldhappiness.report/news/in-a-lamentable-year-finland-again-is-the-happiest-country-in-the-world/index.html]
[worldhappiness.report/news/sustainability-makes-people-happier-research-finds/index.html]
[worldhappiness.report/news/media-round-up-on-the-world-happiness-report-2021/index.html]
[worldhappiness.report/news/new-report-highlights-the-impact-of-covid-19-on-life-satisfaction-worldwide/index.html]
[worldhappiness.report/assets/images/2024/ch02/WHR_24_CH02_opener.webp]
[worldhappiness.report/news/when-to-release-the-lockdown-a-wellbeing-framework-for-analysing-costs-and-benefits/index.html]
[worldhappiness.report/news/media-round-up-on-the-world-happiness-report-2020/index.html]
[worldhappiness.report/news/navigating-happiness-amidst-covid-19-key-outcomes-from-world-happiness-report-webinar/index.html]
[worldhappiness.report/news/its-a-three-peat-finland-keeps-top-spot-as-happiest-country-in-world/index.html]
[worldhappiness.report/news/why-finland-and-denmark-are-happier-than-the-us/index.html]
[worldhappiness.report/news/media-round-up-on-the-2019-world-happiness-report/index.html]
[worldhappiness.report/assets/images/2024/ch02/WHR24_CH02_splash_01.16.delayed]
[worldhappiness.report/news/finland-again-is-the-happiest-country-in-the-world/index.html]
[worldhappiness.report/news/gallup-launches-migration-research-center/index.html]
[worldhappiness.report/news/empirical-linkages-between-good-governance-and-national-well-being-journal-of-comparative-economics/index.html]
[worldhappiness.report/assets/images/2024/ch02/WHR24_CH02_splash_02.webp]
[worldhappiness.report/news/how-to-be-happy-freakonomics-radio/index.html]
[worldhappiness.report/news/media-round-up-on-the-2018-world-happiness-report/index.html]
[worldhappiness.report/news/finland-wins-double-gold-in-world-happiness-report-2018/index.html]
[worldhappiness.report/news/coffee-and-happiness-the-virtuous-circle-we-want-and-need-to-nurture/index.html]
[public.tableau.com/static/images/20/2024Draft/Figure2_1/1_rss.png]
[worldhappiness.report/news/global-happiness-policy-report-released/index.html]
[worldhappiness.report/news/explore-the-2017-world-happiness-report-data-via-tableau/index.html]
[worldhappiness.report/news/media-roundup-on-2017-world-happiness-report/index.html]
[worldhappiness.report/news/fifth-world-happiness-report-ranks-happiest-countries/index.html]
[worldhappiness.report/news/the-2017-world-happiness-report-will-be-released-on-international-day-of-happiness-march-20/index.html]
[public.tableau.com/static/images/20/2024Draft/Figure2_1/1.png]
[worldhappiness.report/news/round-up-of-2016-happiness-report-press-coverage/index.html]
[worldhappiness.report/news/world-happiness-report-2016-update-ranks-happiest-countries/index.html]
[worldhappiness.report/news/world-happiness-report-2016-update/index.html]
[worldhappiness.report/news/round-up-of-2015-world-happiness-report-press-coverage/index.html]
[public.tableau.com/javascripts/api/viz_v1.js]
[worldhappiness.report/news/video-world-happiness-launch-event/index.html]
[worldhappiness.report/news/world-happiness-report-2015-launch-event-in-new-york/index.html]
[worldhappiness.report/news/world-happiness-report-2015-ranks-happiest-countries/index.html]
[worldhappiness.report/news/world-happiness-report-wins-award-for-the-betterment-of-the-human-condition/index.html]
[worldhappiness.report/assets/images/2024/ch02/WHR24_CH02_splash_03.webp]
[worldhappiness.report/news/report-calls-on-policy-makers-to-make-happiness-a-key-measure-and-target-of-development/index.html]
[worldhappiness.report/news/first-world-happiness-report-launched-at-the-united-nations/index.html]
[worldhappiness.report/assets/images/2024/ch02/Figure_2.2_1.webp]
[worldhappiness.report/assets/images/2024/ch02/Figure_2.2_2.webp]
[worldhappiness.report/assets/images/2024/ch02/Figure_2.2_3.webp]
[worldhappiness.report/assets/images/2024/ch02/Figure_2.3_1.webp]
[worldhappiness.report/assets/images/2024/ch02/Figure_2.3_2.webp]
[worldhappiness.report/assets/images/2024/ch02/Figure_2.3_3.webp]
[worldhappiness.report/assets/images/2024/ch02/WHR24_CH02_splash_04.webp]
[worldhappiness.report/assets/images/2024/ch02/Figure_2.4.webp]
[worldhappiness.report/assets/images/2024/ch02/WHR24_CH02_splash_05.webp]
[worldhappiness.report/assets/images/2024/ch02/Figure_2.5_1.webp]
[worldhappiness.report/assets/images/2024/ch02/Figure_2.5_2.webp]
[worldhappiness.report/assets/images/2024/ch02/Figure_2.5_3.webp]
[worldhappiness.report/assets/images/2024/ch02/Figure_2.6.webp]
[worldhappiness.report/assets/images/2024/ch02/Figure_2.7.webp]
[worldhappiness.report/assets/images/2024/ch02/WHR24_CH02_splash_06.webp]
[worldhappiness.report/assets/images/2024/ch02/Figure_2.8.webp]
[worldhappiness.report/assets/images/2024/ch02/Figure_2.9.webp]
[worldhappiness.report/assets/images/2024/ch02/Figure_2.10.webp]
[worldhappiness.report/assets/images/2024/ch02/Figure_2.11.webp]
[worldhappiness.report/assets/images/2024/ch02/Figure_2.12.webp]
[worldhappiness.report/assets/images/2024/ch02/WHR24_CH02_splash_07.webp]
[worldhappiness.report/ed/2024/happiness-of-the-younger-the-older-and-those-in-between/index.html]
[worldhappiness.report/assets/images/2024/ch03/WHR_24_CH03_opener.webp]
[worldhappiness.report/assets/images/2024/ch03/WHR24_CH03_splash_01.webp]
[worldhappiness.report/assets/images/2024/ch03/Figure_3.1A.webp]
[worldhappiness.report/assets/images/2024/ch03/Figure_3.1B.webp]
[worldhappiness.report/assets/images/2024/ch03/Figure_3.2A.webp]
[worldhappiness.report/assets/images/2024/ch03/Figure_3.2B.webp]
[worldhappiness.report/assets/images/2024/ch03/Figure_3.2B_2.webp]
[worldhappiness.report/assets/images/2024/ch03/Figure_3.2C.webp]
[worldhappiness.report/assets/images/2024/ch03/WHR24_CH03_splash_02.webp]
[worldhappiness.report/assets/images/2024/ch03/Figure_3.3.webp]
[worldhappiness.report/assets/images/2024/ch03/WHR24_CH03_splash_03.webp]
[worldhappiness.report/assets/images/2024/ch03/WHR24_CH03_splash_04.webp]
[worldhappiness.report/assets/images/2024/ch03/WHR24_CH03_splash_05.webp]
[worldhappiness.report/assets/images/2024/ch03/WHR24_CH03_splash_06.webp]
[worldhappiness.report/ed/2024/child-and-adolescent-well-being-global-trends-challenges-and-opportunities/index.html]
[worldhappiness.report/assets/images/2024/ch04/WHR_24_CH04_opener.webp]
[worldhappiness.report/assets/images/2024/ch04/Figure_4.1.webp]
[worldhappiness.report/assets/images/2024/ch04/Figure_4.2.webp]
[worldhappiness.report/assets/images/2024/ch04/Figure_4.3.webp]
[worldhappiness.report/assets/images/2024/ch04/WHR24_CH04_splash_01.webp]
[worldhappiness.report/assets/images/2024/ch04/Figure_4.4.webp]
[worldhappiness.report/assets/images/2024/ch04/WHR24_CH04_splash_02.webp]
[worldhappiness.report/assets/images/2024/ch04/WHR24_CH04_splash_03.webp]
[worldhappiness.report/assets/images/2024/ch04/WHR24_CH04_splash_04.webp]
[worldhappiness.report/ed/2024/supporting-the-well-being-of-an-aging-global-population-associations-between-well-being-and-dementia/index.html]
[worldhappiness.report/assets/images/2024/ch05/WHR_24_CH05_opener.webp]
[worldhappiness.report/assets/images/2024/ch05/WHR24_CH05_splash_01.webp]
[worldhappiness.report/assets/images/2024/ch05/WHR24_CH05_splash_02.webp]
[worldhappiness.report/assets/images/2024/ch05/Figure_5.1.webp]
[worldhappiness.report/assets/images/2024/ch05/Figure_5.2.webp]
[worldhappiness.report/assets/images/2024/ch05/WHR24_CH05_splash_03.webp]
[worldhappiness.report/assets/images/2024/ch05/WHR24_CH05_splash_04.webp]
[worldhappiness.report/assets/images/2024/ch05/WHR24_CH05_splash_05.webp]
[worldhappiness.report/ed/2024/differences-in-life-satisfaction-among-older-adults-in-india/index.html]
[worldhappiness.report/ed/2024/index.html]
[worldhappiness.report/news/a-latin-american-perspective-on-the-world-happiness-report-2024/index.html]
[worldhappiness.report/news/world-happiness-report-2024-most-comprehensive-picture-yet-of-happiness-across-generations/index.html]
[worldhappiness.report/news/join-the-asia-pacific-launch-to-discuss-findings-of-world-happiness-report-2024/index.html]
[worldhappiness.report/assets/images/blog/WHR_2024_SocialMedia_Card.webp]
[worldhappiness.report/news/new-publishing-partnership-for-world-happiness-report/index.html]
[worldhappiness.report/news/book-club-with-jeffrey-sachs-a-conversation-with-richard-layard-and-jan-emmanuel-de-neve-on-wellbeing-science-and-policy/index.html]
[worldhappiness.report/assets/logos/gallup.svg]
[worldhappiness.report/assets/logos/uo-wrc.svg]
[worldhappiness.report/assets/logos/sdsn.svg]
[worldhappiness.report/assets/logos/vse.svg]
[worldhappiness.report/assets/logos/cep-logo.svg]
[worldhappiness.report/assets/logos/csd.svg]
[worldhappiness.report/assets/logos/sfu.svg]
[worldhappiness.report/assets/logos/xjtlu.svg]
[worldhappiness.report/assets/logos/glico.svg]
[worldhappiness.report/assets/logos/blue-zones.svg]
[worldhappiness.report/assets/logos/illy.svg]
[worldhappiness.report/assets/logos/fondazione-ernesto-illy.svg]
[worldhappiness.report/ed/2013/index.html]
[worldhappiness.report/ed/2018/index.html]
[worldhappiness.report/assets/images/whr-2019-ch5-photo.jpg]
[worldhappiness.report/assets/images/5-1.png]
[worldhappiness.report/assets/images/5-2.png]
[worldhappiness.report/assets/images/5-3.png]
[worldhappiness.report/assets/images/5-4.png]
[worldhappiness.report/assets/images/5-5.png]
[worldhappiness.report/ed/2019/the-sad-state-of-happiness-in-the-united-states-and-the-role-of-digital-media/index.html]
[worldhappiness.report/ed/2023/index.html]
[worldhappiness.report/ed/2023/world-happiness-trust-and-social-connections-in-times-of-crisis/index.html]
[worldhappiness.report/ed/2023/executive-summary/index.html]
[worldhappiness.report/ed/2023/the-happiness-agenda-the-next-10-year/index.html]
[worldhappiness.report/ed/2023/well-being-and-state-effectiveness/index.html]
[worldhappiness.report/ed/2023/doing-good-and-feeling-good-relationships-between-altruism-and-well-being-for-altruists-beneficiaries-and-observers/index.html]
[worldhappiness.report/ed/2022/index.html]
[worldhappiness.report/ed/2021/index.html]
[worldhappiness.report/ed/2022/foreword/index.html]
[worldhappiness.report/ed/2022/overview-on-our-tenth-anniversary/index.html]
[worldhappiness.report/ed/2020/index.html]
[worldhappiness.report/ed/2023/towards-well-being-measurement-with-social-media-across-space-time-and-cultures-three-generations-of-progress/index.html]
[worldhappiness.report/ed/2022/happiness-benevolence-and-trust-during-covid-19-and-beyond/index.html]
[worldhappiness.report/ed/2019/index.html]
[worldhappiness.report/ed/2022/trends-in-conceptions-of-progress-and-well-being/index.html]
[worldhappiness.report/ed/2022/using-social-media-data-to-capture-emotions-before-and-during-covid-19/index.html]
[worldhappiness.report/ed/2017/index.html]
[worldhappiness.report/ed/2022/exploring-the-biological-basis-for-happiness/index.html]
[worldhappiness.report/ed/2022/insights-from-the-first-global-survey-of-balance-and-harmony/index.html]
[worldhappiness.report/ed/2016/index.html]
[worldhappiness.report/ed/2021/overview-life-under-covid-19/index.html]
[worldhappiness.report/ed/2021/happiness-trust-and-deaths-under-covid-19/index.html]
[worldhappiness.report/ed/2021/covid-19-prevalence-and-well-being-lessons-from-east-asia/index.html]
[worldhappiness.report/ed/2015/index.html]
[worldhappiness.report/ed/2021/reasons-for-asia-pacific-success-in-suppressing-covid-19/index.html]
[worldhappiness.report/ed/2021/mental-health-and-the-covid-19-pandemic/index.html]
[worldhappiness.report/ed/2012/index.html]
[worldhappiness.report/ed/2020/environments-for-happiness-an-overview/index.html]
[worldhappiness.report/ed/2021/living-long-and-living-well-the-wellby-approach/index.html]
[worldhappiness.report/news/happiest-countries-prove-resilient-despite-overlapping-crises/index.html]
[worldhappiness.report/ed/2021/social-connection-and-well-being-during-covid-19/index.html]
[worldhappiness.report/ed/2021/work-and-well-being-during-covid-19-impact-inequalities-resilience-and-the-future-of-work/index.html]
[worldhappiness.report/news/upcoming-event-deepening-the-impact-of-esd-through-happiness-and-sel/index.html]
[worldhappiness.report/ed/2020/cities-and-happiness-a-global-ranking-and-analysis/index.html]
[worldhappiness.report/ed/2020/social-environments-for-world-happiness/index.html]
[worldhappiness.report/news/upcoming-webinars-continuing-the-conversation-on-happiness/index.html]
[worldhappiness.report/ed/2020/how-environmental-quality-affects-our-happiness/index.html]
[worldhappiness.report/ed/2020/sustainable-development-and-human-well-being/index.html]
[worldhappiness.report/ed/2020/urban-rural-happiness-differentials-across-the-world/index.html]
[worldhappiness.report/news/lifeslices-the-search-for-happiness/index.html]
[worldhappiness.report/ed/2020/annex-using-a-new-global-urban-rural-definition-called-the-degree-of-urbanisation-to-assess-happiness/index.html]
[worldhappiness.report/ed/2019/happiness-and-community-an-overview/index.html]
[worldhappiness.report/ed/2020/the-nordic-exceptionalism-what-explains-why-the-nordic-countries-are-constantly-among-the-happiest-in-the-world/index.html]
[worldhappiness.report/news/media-round-up-on-the-world-happiness-report-2022/index.html]
[worldhappiness.report/ed/2019/changing-world-happiness/index.html]
[worldhappiness.report/ed/2019/happiness-and-voting-behavior/index.html]
[worldhappiness.report/ed/2019/happiness-and-prosocial-behavior-an-evaluation-of-the-evidence/index.html]
[worldhappiness.report/news/balance-harmony-and-happiness-a-discussion-of-the-world-happiness-report-2022/index.html]
[worldhappiness.report/news/amid-war-and-disease-world-happiness-report-shows-bright-spot/index.html]
[worldhappiness.report/news/video-series-deep-dive-into-the-2021-world-happiness-report/index.html]
[worldhappiness.report/news/media-round-up-on-the-world-happiness-report-2021/index.html]
[worldhappiness.report/ed/2019/big-data-and-well-being/index.html]
[worldhappiness.report/news/in-a-lamentable-year-finland-again-is-the-happiest-country-in-the-world/index.html]
[worldhappiness.report/ed/2019/addiction-and-unhappiness-in-america/index.html]
[worldhappiness.report/news/sustainability-makes-people-happier-research-finds/index.html]
[worldhappiness.report/news/new-report-highlights-the-impact-of-covid-19-on-life-satisfaction-worldwide/index.html]
[worldhappiness.report/news/when-to-release-the-lockdown-a-wellbeing-framework-for-analysing-costs-and-benefits/index.html]
[worldhappiness.report/news/media-round-up-on-the-world-happiness-report-2020/index.html]
[worldhappiness.report/assets/images/2020/whr-2020-ch-02-fig-2-1-part1.png]
[worldhappiness.report/news/navigating-happiness-amidst-covid-19-key-outcomes-from-world-happiness-report-webinar/index.html]
[worldhappiness.report/news/its-a-three-peat-finland-keeps-top-spot-as-happiest-country-in-world/index.html]
[worldhappiness.report/news/why-finland-and-denmark-are-happier-than-the-us/index.html]
[worldhappiness.report/news/media-round-up-on-the-2019-world-happiness-report/index.html]
[worldhappiness.report/news/finland-again-is-the-happiest-country-in-the-world/index.html]
[worldhappiness.report/news/gallup-launches-migration-research-center/index.html]
[worldhappiness.report/news/empirical-linkages-between-good-governance-and-national-well-being-journal-of-comparative-economics/index.html]
[worldhappiness.report/news/how-to-be-happy-freakonomics-radio/index.html]
[worldhappiness.report/news/media-round-up-on-the-2018-world-happiness-report/index.html]
[worldhappiness.report/news/finland-wins-double-gold-in-world-happiness-report-2018/index.html]
[worldhappiness.report/news/coffee-and-happiness-the-virtuous-circle-we-want-and-need-to-nurture/index.html]
[worldhappiness.report/news/global-happiness-policy-report-released/index.html]
[public.tableau.com/static/images/WH/WHR2/CorrelationWHR/1_rss.png]
[public.tableau.com/static/images/WH/WHR2/CorrelationWHR/1.png]
[public.tableau.com/static/images/WH/WHR3/RankingWHR/1_rss.png]
[public.tableau.com/static/images/WH/WHR3/RankingWHR/1.png]
[public.tableau.com/static/images/WH/WHR4/Dashboard1/1_rss.png]
[public.tableau.com/static/images/WH/WHR4/Dashboard1/1.png]
[worldhappiness.report/news/explore-the-2017-world-happiness-report-data-via-tableau/index.html]
[worldhappiness.report/news/media-roundup-on-2017-world-happiness-report/index.html]
[worldhappiness.report/news/fifth-world-happiness-report-ranks-happiest-countries/index.html]
[worldhappiness.report/news/the-2017-world-happiness-report-will-be-released-on-international-day-of-happiness-march-20/index.html]
[worldhappiness.report/news/round-up-of-2016-happiness-report-press-coverage/index.html]
[worldhappiness.report/news/world-happiness-report-2016-update-ranks-happiest-countries/index.html]
[worldhappiness.report/news/world-happiness-report-2016-update/index.html]
[worldhappiness.report/news/round-up-of-2015-world-happiness-report-press-coverage/index.html]
[worldhappiness.report/news/video-world-happiness-launch-event/index.html]
[worldhappiness.report/news/world-happiness-report-2015-launch-event-in-new-york/index.html]
[worldhappiness.report/news/world-happiness-report-2015-ranks-happiest-countries/index.html]
[worldhappiness.report/news/world-happiness-report-wins-award-for-the-betterment-of-the-human-condition/index.html]
[worldhappiness.report/news/report-calls-on-policy-makers-to-make-happiness-a-key-measure-and-target-of-development/index.html]
[worldhappiness.report/news/first-world-happiness-report-launched-at-the-united-nations/index.html]
[worldhappiness.report/ed/2023/executive-summary/index.html]
[worldhappiness.report/assets/images/2023/ch01/WHR23_Ch01_opener.webp]
[worldhappiness.report/assets/images/2023/ch01/WHR23_CH01_splash_01.webp]
[worldhappiness.report/assets/images/2023/ch01/WHR23_CH01_splash_02.webp]
[worldhappiness.report/assets/images/2023/ch01/WHR23_CH01_splash_03.webp]
[worldhappiness.report/ed/2023/the-happiness-agenda-the-next-10-year/index.html]
[worldhappiness.report/assets/images/2023/ch02/WHR23_Ch02_opener.webp]
[public.tableau.com/static/images/Wo/WorldHappinessReport2023/Figure2_1/1_rss.png]
[public.tableau.com/static/images/Wo/WorldHappinessReport2023/Figure2_1/1.png]
[public.tableau.com/static/images/Fi/Figure2_2Happinessgapsofeachcountry/Story1/1_rss.png]
[public.tableau.com/static/images/Fi/Figure2_2Happinessgapsofeachcountry/Story1/1.png]
[worldhappiness.report/assets/images/2023/ch02/Figure2.3A.webp]
[worldhappiness.report/assets/images/2023/ch02/Figure2.3B.webp]
[worldhappiness.report/assets/images/2023/ch02/Figure2.3C.webp]
[worldhappiness.report/assets/images/2023/ch02/Figure2.4A.webp]
[worldhappiness.report/assets/images/2023/ch02/Figure2.4B.webp]
[worldhappiness.report/assets/images/2023/ch02/Figure2.4C.webp]
[worldhappiness.report/assets/images/2023/ch02/Figure2.4D.webp]
[worldhappiness.report/assets/images/2023/ch02/WHR23_CH02_splash_01.webp]
[worldhappiness.report/assets/images/2023/ch02/Figure2.5.webp]
[worldhappiness.report/assets/images/2023/ch02/Figure2.6.webp]
[worldhappiness.report/assets/images/2023/ch02/Figure2.7A.webp]
[worldhappiness.report/assets/images/2023/ch02/Figure2.7B.webp]
[worldhappiness.report/assets/images/2023/ch02/WHR23_CH02_splash_02.webp]
[worldhappiness.report/assets/images/2023/ch02/Figure2.8.webp]
[worldhappiness.report/assets/images/2023/ch02/Figure2.9.webp]
[worldhappiness.report/assets/images/2023/ch02/WHR23_CH02_splash_03.webp]
[worldhappiness.report/ed/2023/world-happiness-trust-and-social-connections-in-times-of-crisis/index.html]
[worldhappiness.report/assets/images/2023/ch03/WHR23_Ch03_opener.webp]
[worldhappiness.report/assets/images/2023/ch03/WHR23_CH03_splash_01.webp]
[worldhappiness.report/assets/images/2023/ch03/WHR23_CH03_splash_02.webp]
[worldhappiness.report/assets/images/2023/ch03/WHR23_CH03_splash_03.webp]
[worldhappiness.report/assets/images/2023/ch03/Figure3.1.webp]
[worldhappiness.report/assets/images/2023/ch03/Figure3.2.webp]
[worldhappiness.report/assets/images/2023/ch03/Figure3.3.webp]
[worldhappiness.report/assets/images/2023/ch03/Figure3.4.webp]
[worldhappiness.report/assets/images/2023/ch03/Figure3.5.webp]
[worldhappiness.report/assets/images/2023/ch03/Figure3.6.webp]
[worldhappiness.report/assets/images/2023/ch03/Figure3.7.webp]
[worldhappiness.report/ed/2023/well-being-and-state-effectiveness/index.html]
[worldhappiness.report/assets/images/2023/ch04/WHR23_Ch04_opener.webp]
[worldhappiness.report/assets/images/2023/ch04/Figure4.1.webp]
[worldhappiness.report/assets/images/2023/ch04/Figure4.2A.webp]
[worldhappiness.report/assets/images/2023/ch04/Figure4.2B.webp]
[worldhappiness.report/assets/images/2023/ch04/Figure4.2C.webp]
[worldhappiness.report/assets/images/2023/ch04/WHR23_CH04_splash_01.webp]
[worldhappiness.report/assets/images/2023/ch04/WHR23_CH04_splash_02.webp]
[worldhappiness.report/assets/images/2023/ch04/WHR23_CH04_splash_03.webp]
[worldhappiness.report/ed/2023/doing-good-and-feeling-good-relationships-between-altruism-and-well-being-for-altruists-beneficiaries-and-observers/index.html]
[worldhappiness.report/assets/images/2023/ch05/WHR23_Ch05_opener.webp]
[worldhappiness.report/assets/images/2023/ch05/WHR23_CH05_splash_01.webp]
[worldhappiness.report/assets/images/2023/ch05/Figure5.1.webp]
[worldhappiness.report/assets/images/2023/ch05/Figure5.2.webp]
[worldhappiness.report/assets/images/2023/ch05/WHR23_CH05_splash_02.webp]
[worldhappiness.report/assets/images/2023/ch05/Figure5.3.webp]
[worldhappiness.report/assets/images/2023/ch05/Figure5.4.webp]
[worldhappiness.report/assets/images/2023/ch05/Figure5.5.webp]
[worldhappiness.report/assets/images/2023/ch05/Figure5.6.webp]
[worldhappiness.report/assets/images/2023/ch05/Figure5.7.webp]
[worldhappiness.report/assets/images/2023/ch05/Figure5.8.webp]
[worldhappiness.report/assets/images/2023/ch05/Figure5.9.webp]
[worldhappiness.report/assets/images/2023/ch05/WHR23_CH05_splash_03.webp]
[worldhappiness.report/ed/2023/towards-well-being-measurement-with-social-media-across-space-time-and-cultures-three-generations-of-progress/index.html]
[worldhappiness.report/assets/images/2022/WHR22_OPENER_Ch00.webp]
[worldhappiness.report/ed/2022/foreword/index.html]
[worldhappiness.report/assets/images/2022/WHR22_OPENER_Ch01.webp]
[worldhappiness.report/ed/2022/overview-on-our-tenth-anniversary/index.html]
[worldhappiness.report/assets/images/2022/WHR22_OPENER_Ch02.webp]
[public.tableau.com/static/images/Wo/WorldHappinessReport2022final/Figure2_1/1_rss.png]
[public.tableau.com/static/images/Wo/WorldHappinessReport2022final/Figure2_1/1.png]
[worldhappiness.report/assets/images/2022/ch02/ch02-inset-photo-01.webp]
[worldhappiness.report/assets/images/2022/ch02/ch02-inset-photo-02.webp]
[worldhappiness.report/assets/images/2022/ch02/Fig.2.2.webp]
[worldhappiness.report/assets/images/2022/ch02/ch02-inset-photo-03.webp]
[worldhappiness.report/assets/images/2022/ch02/Fig.2.3.webp]
[worldhappiness.report/assets/images/2022/ch02/Fig.2.4.webp]
[worldhappiness.report/assets/images/2022/ch02/Fig.2.5.webp]
[worldhappiness.report/assets/images/2022/ch02/ch02-inset-photo-04.webp]
[worldhappiness.report/assets/images/2022/ch02/Fig.2.6.webp]
[worldhappiness.report/assets/images/2022/ch02/ch02-inset-photo-05.webp]
[worldhappiness.report/ed/2022/happiness-benevolence-and-trust-during-covid-19-and-beyond/index.html]
[worldhappiness.report/assets/images/2022/WHR22_OPENER_Ch03.webp]
[worldhappiness.report/assets/images/2022/ch03/ch03-inset-photo-01.webp]
[worldhappiness.report/assets/images/2022/ch03/Fig.3.1.webp]
[worldhappiness.report/assets/images/2022/ch03/Fig.3.2.webp]
[worldhappiness.report/assets/images/2022/ch03/Fig.3.3.webp]
[worldhappiness.report/assets/images/2022/ch03/ch03-inset-photo-02.webp]
[worldhappiness.report/assets/images/2022/ch03/Fig.3.4.webp]
[worldhappiness.report/assets/images/2022/ch03/Fig.3.5.webp]
[worldhappiness.report/assets/images/2022/ch03/Fig.3.6.webp]
[worldhappiness.report/assets/images/2022/ch03/Fig.3.6.webm]
[worldhappiness.report/assets/images/2022/ch03/ch03-inset-photo-03.webp]
[worldhappiness.report/assets/images/2022/ch03/ch03-inset-photo-04.webp]
[worldhappiness.report/ed/2022/trends-in-conceptions-of-progress-and-well-being/index.html]
[worldhappiness.report/assets/images/2022/WHR22_OPENER_Ch04.webp]
[worldhappiness.report/assets/images/2022/ch04/ch04-inset-photo-01.webp]
[worldhappiness.report/assets/images/2022/ch04/Fig.4.1.webp]
[worldhappiness.report/assets/images/2022/ch04/Fig.4.2.webp]
[worldhappiness.report/assets/images/2022/ch04/Fig.4.3.webp]
[worldhappiness.report/assets/images/2022/ch04/Fig.4.4.webp]
[worldhappiness.report/assets/images/2022/ch04/ch04-inset-photo-02.webp]
[worldhappiness.report/assets/images/2022/ch04/Fig.4.5.webp]
[worldhappiness.report/assets/images/2022/ch04/Fig.4.6.webp]
[worldhappiness.report/assets/images/2022/ch04/Fig.4.7.webp]
[worldhappiness.report/assets/images/2022/ch04/Fig.4.8.webp]
[worldhappiness.report/assets/images/2022/ch04/ch04-inset-photo-03.webp]
[worldhappiness.report/ed/2022/using-social-media-data-to-capture-emotions-before-and-during-covid-19/index.html]
[worldhappiness.report/assets/images/2022/WHR22_OPENER_Ch05.webp]
[worldhappiness.report/assets/images/2022/ch05/Fig.twins.webp]
[worldhappiness.report/assets/images/2022/ch05/Fig.5.1.webp]
[worldhappiness.report/assets/images/2022/ch05/Fig.5.2.webp]
[worldhappiness.report/assets/images/2022/ch05/ch05-inset-photo-01.webp]
[worldhappiness.report/assets/images/2022/ch05/Fig.5.3.webp]
[worldhappiness.report/assets/images/2022/ch05/ch05-inset-photo-02.webp]
[worldhappiness.report/assets/images/2022/ch05/ch05-inset-photo-03.webp]
[worldhappiness.report/ed/2022/exploring-the-biological-basis-for-happiness/index.html]
[worldhappiness.report/assets/images/2022/WHR22_OPENER_Ch06.webp]
[worldhappiness.report/assets/images/2022/ch06/ch06-inset-photo-01.webp]
[worldhappiness.report/assets/images/2022/ch06/Fig.6.1.webp]
[worldhappiness.report/assets/images/2022/ch06/ch06-inset-photo-02.webp]
[worldhappiness.report/assets/images/2022/ch06/ch06-inset-photo-03.webp]
[worldhappiness.report/ed/2022/insights-from-the-first-global-survey-of-balance-and-harmony/index.html]
[worldhappiness.report/assets/images/2021/WHR21_Ch1_OPENER.jpg]
[worldhappiness.report/ed/2021/overview-life-under-covid-19/index.html]
[worldhappiness.report/assets/images/2021/WHR21_Ch2_OPENER.jpg]
[worldhappiness.report/assets/images/2021/Ch2/Table2.1.png]
[worldhappiness.report/assets/images/2021/Ch2/Table2.1cont.png]
[public.tableau.com/static/images/Fi/Figure2_1_16157724652500/2021WorldHappinessReport/1_rss.png]
[public.tableau.com/static/images/Fi/Figure2_1_16157724652500/2021WorldHappinessReport/1.png]
[worldhappiness.report/assets/images/2021/Ch2/Table2.2.png]
[worldhappiness.report/assets/images/2021/Ch2/Table2.2cont.png]
[worldhappiness.report/assets/images/2021/Ch2/Table2.2cont2.png]
[worldhappiness.report/assets/images/2021/Ch2/Figure2.2.png]
[worldhappiness.report/assets/images/2021/Ch2/Figure2.3.png]
[worldhappiness.report/assets/images/2021/Ch2/Table2.3.png]
[worldhappiness.report/assets/images/2021/Ch2/Table2.4.png]
[worldhappiness.report/assets/images/2021/Ch2/Table2.5.png]
[worldhappiness.report/assets/images/2021/Ch2/Figure2.4.png]
[worldhappiness.report/assets/images/2021/Ch2/Figure2.5.png]
[worldhappiness.report/assets/images/2021/Ch2/Table2.6.png]
[worldhappiness.report/ed/2021/happiness-trust-and-deaths-under-covid-19/index.html]
[worldhappiness.report/assets/images/2021/WHR21_Ch3_OPENER.jpg]
[worldhappiness.report/assets/images/2021/Ch3/Figure3.1.png]
[worldhappiness.report/assets/images/2021/Ch3/Figure3.2.png]
[worldhappiness.report/assets/images/2021/Ch3/Figure3.3.png]
[worldhappiness.report/assets/images/2021/Ch3/Figure3.3cont.png]
[worldhappiness.report/assets/images/2021/Ch3/Table3.1.png]
[worldhappiness.report/assets/images/2021/Ch3/Figure3.4.png]
[worldhappiness.report/assets/images/2021/Ch3/Table3.2.png]
[worldhappiness.report/assets/images/2021/Ch3/Figure3.5.png]
[worldhappiness.report/assets/images/2021/Ch3/Figure3.6.png]
[worldhappiness.report/assets/images/2021/Ch3/Table3.3.png]
[worldhappiness.report/assets/images/2021/Ch3/Table3.4.png]
[worldhappiness.report/assets/images/2021/Ch3/Table3.5.png]
[worldhappiness.report/ed/2021/covid-19-prevalence-and-well-being-lessons-from-east-asia/index.html]
[worldhappiness.report/assets/images/2021/WHR21_Ch4_OPENER.jpg]
[worldhappiness.report/assets/images/2021/Ch4/Table4.1.png]
[worldhappiness.report/assets/images/2021/Ch4/Figure4.1.png]
[worldhappiness.report/assets/images/2021/Ch4/Figure4.2.png]
[worldhappiness.report/assets/images/2021/Ch4/Figure4.3.png]
[worldhappiness.report/assets/images/2021/Ch4/Figure4.4.png]
[worldhappiness.report/assets/images/2021/Ch4/Figure4.5.png]
[worldhappiness.report/assets/images/2021/Ch4/Figure4.6.png]
[worldhappiness.report/assets/images/2021/Ch4/Figure4.7a-b.png]
[worldhappiness.report/assets/images/2021/Ch4/Figure4.8.png]
[worldhappiness.report/ed/2021/reasons-for-asia-pacific-success-in-suppressing-covid-19/index.html]
[worldhappiness.report/assets/images/2021/WHR21_Ch5_OPENER.jpg]
[worldhappiness.report/assets/images/2021/Ch5/Figure5.1.png]
[worldhappiness.report/assets/images/2021/Ch5/Table5.1.png]
[worldhappiness.report/assets/images/2021/Ch5/Figure5.2a-b.png]
[worldhappiness.report/assets/images/2021/Ch5/Figure5.3.png]
[worldhappiness.report/assets/images/2021/Ch5/Figure5.4.png]
[worldhappiness.report/assets/images/2021/Ch5/Figure5.5.png]
[worldhappiness.report/assets/images/2021/Ch5/Figure5.6.png]
[worldhappiness.report/ed/2021/mental-health-and-the-covid-19-pandemic/index.html]
[worldhappiness.report/assets/images/2021/WHR21_Ch6_OPENER.jpg]
[worldhappiness.report/assets/images/2021/Ch6/Figure6.1.png]
[worldhappiness.report/assets/images/2021/Ch6/Figure6.2.png]
[worldhappiness.report/ed/2021/social-connection-and-well-being-during-covid-19/index.html]
[worldhappiness.report/assets/images/2021/WHR21_Ch7_OPENER.jpg]
[worldhappiness.report/assets/images/2021/Ch7/Figure7.1.png]
[worldhappiness.report/assets/images/2021/Ch7/Figure7.2.png]
[worldhappiness.report/assets/images/2021/Ch7/Figure7.3a-d.png]
[worldhappiness.report/assets/images/2021/Ch7/Figure7.4.png]
[worldhappiness.report/assets/images/2021/Ch7/Figure7.5.png]
[worldhappiness.report/assets/images/2021/Ch7/Figure7.6.png]
[worldhappiness.report/assets/images/2021/Ch7/Figure7.7.png]
[worldhappiness.report/assets/images/2021/Ch7/Table7.1.png]
[worldhappiness.report/assets/images/2021/Ch7/Table7.2.png]
[worldhappiness.report/assets/images/2021/Ch7/Figure7.8a-b.png]
[worldhappiness.report/assets/images/2021/Ch7/Figure7.9.png]
[worldhappiness.report/assets/images/2021/Ch7/Table7.3.png]
[worldhappiness.report/assets/images/2021/Ch7/Figure7.10.png]
[worldhappiness.report/assets/images/2021/Ch7/Figure7.11.png]
[worldhappiness.report/assets/images/2021/Ch7/Figure7.12.png]
[worldhappiness.report/assets/images/2021/Ch7/Table7.4.png]
[worldhappiness.report/assets/images/2021/Ch7/Figure7.13.png]
[worldhappiness.report/assets/images/2021/Ch7/Table7.5.png]
[worldhappiness.report/ed/2021/work-and-well-being-during-covid-19-impact-inequalities-resilience-and-the-future-of-work/index.html]
[worldhappiness.report/assets/images/2021/WHR21_Ch8_OPENER.jpg]
[worldhappiness.report/assets/images/2021/Ch8/Table8.1.png]
[worldhappiness.report/assets/images/2021/Ch8/Table8.1cont.png]
[worldhappiness.report/assets/images/2021/Ch8/Table8.1cont2.png]
[worldhappiness.report/assets/images/2021/Ch8/Figure8.1.png]
[worldhappiness.report/assets/images/2021/Ch8/Table8.2.png]
[worldhappiness.report/assets/images/2021/Ch8/Table8.2cont2.png]
[worldhappiness.report/ed/2021/living-long-and-living-well-the-wellby-approach/index.html]
[cdn.jsdelivr.net/npm/mathjax@3/es5/tex-chtml.js]
[worldhappiness.report/assets/images/2020/whr-2020-ch-01-lead.jpg]
[worldhappiness.report/assets/images/2020/whr-2020-ch-01-fig-1-1.png]
[worldhappiness.report/assets/images/2020/whr-2020-ch-01-fig-1-2.png]
[worldhappiness.report/ed/2020/environments-for-happiness-an-overview/index.html]
[worldhappiness.report/assets/images/2020/whr-2020-ch-02-lead.jpg]
[worldhappiness.report/assets/images/2020/whr-2020-ch-02-table-2-1.png]
[worldhappiness.report/assets/images/2020/whr-2020-ch-02-techbox-1.png]
[worldhappiness.report/assets/images/2020/whr-2020-ch-02-fig-2-1-part2.png]
[worldhappiness.report/assets/images/2020/whr-2020-ch-02-fig-2-1-part3.png]
[worldhappiness.report/assets/images/2020/whr-2020-ch-02-fig-2-2.png]
[worldhappiness.report/assets/images/2020/whr-2020-ch-02-fig-2-3.png]
[worldhappiness.report/assets/images/2020/whr-2020-ch-02-fig-2-4-part1.png]
[worldhappiness.report/assets/images/2020/whr-2020-ch-02-fig-2-4-part2.png]
[worldhappiness.report/assets/images/2020/whr-2020-ch-02-fig-2-4-part3.png]
[worldhappiness.report/assets/images/2020/whr-2020-ch-02-table-2-2.png]
[worldhappiness.report/assets/images/2020/whr-2020-ch-02-table-2-3.png]
[worldhappiness.report/assets/images/2020/whr-2020-ch-02-table-2-4.png]
[worldhappiness.report/assets/images/2020/whr-2020-ch-02-fig-2-5.png]
[worldhappiness.report/ed/2020/social-environments-for-world-happiness/index.html]
[worldhappiness.report/assets/images/2020/whr-2020-ch-03-lead.jpg]
[worldhappiness.report/assets/images/2020/whr-2020-ch-03-fig-3-1-part1.png]
[worldhappiness.report/assets/images/2020/whr-2020-ch-03-fig-3-1-part2.png]
[worldhappiness.report/assets/images/2020/whr-2020-ch-03-fig-3-1-part3.png]
[worldhappiness.report/assets/images/2020/whr-2020-ch-03-fig-3-2-part1.png]
[worldhappiness.report/assets/images/2020/whr-2020-ch-03-fig-3-2-part2.png]
[worldhappiness.report/assets/images/2020/whr-2020-ch-03-fig-3-2-part3.png]
[worldhappiness.report/assets/images/2020/whr-2020-ch-03-fig-3-3.png]
[worldhappiness.report/assets/images/2020/whr-2020-ch-03-fig-3-4.png]
[worldhappiness.report/assets/images/2020/whr-2020-ch-03-fig-3-5.png]
[worldhappiness.report/assets/images/2020/whr-2020-ch-03-fig-3-6.png]
[worldhappiness.report/ed/2020/cities-and-happiness-a-global-ranking-and-analysis/index.html]
[worldhappiness.report/assets/images/2020/whr-2020-ch-04-lead.jpg]
[worldhappiness.report/assets/images/2020/whr-2020-ch-04-fig-4-1.png]
[worldhappiness.report/assets/images/2020/whr-2020-ch-04-fig-4-2.png]
[worldhappiness.report/assets/images/2020/whr-2020-ch-04-table-4-1.png]
[worldhappiness.report/assets/images/2020/whr-2020-ch-04-table-4-2.png]
[worldhappiness.report/assets/images/2020/whr-2020-ch-04-fig-4-3.png]
[worldhappiness.report/assets/images/2020/whr-2020-ch-04-fig-4-4.png]
[worldhappiness.report/assets/images/2020/whr-2020-ch-04-table-4-3.png]
[worldhappiness.report/assets/images/2020/whr-2020-ch-04-fig-4-5.png]
[worldhappiness.report/assets/images/2020/whr-2020-ch-04-fig-4-6.png]
[worldhappiness.report/assets/images/2020/whr-2020-ch-04-table-4-4.png]
[worldhappiness.report/assets/images/2020/whr-2020-ch-04-fig-4-7.png]
[worldhappiness.report/assets/images/2020/whr-2020-ch-04-fig-4-8.png]
[worldhappiness.report/ed/2020/urban-rural-happiness-differentials-across-the-world/index.html]
[worldhappiness.report/assets/images/2020/whr-2020-ch-05-lead.jpg]
[worldhappiness.report/assets/images/2020/whr-2020-ch-05-fig-5-1.png]
[worldhappiness.report/assets/images/2020/whr-2020-ch-05-fig-5-2.png]
[worldhappiness.report/assets/images/2020/whr-2020-ch-05-fig-5-3.png]
[worldhappiness.report/ed/2020/how-environmental-quality-affects-our-happiness/index.html]
[worldhappiness.report/assets/images/2020/whr-2020-ch-06-lead.jpg]
[worldhappiness.report/assets/images/2020/whr-2020-ch-06-fig-6-1.png]
[worldhappiness.report/assets/images/2020/whr-2020-ch-06-table-6-1.png]
[worldhappiness.report/assets/images/2020/whr-2020-ch-06-table-6-2.png]
[worldhappiness.report/assets/images/2020/whr-2020-ch-06-table-6-3.png]
[worldhappiness.report/assets/images/2020/whr-2020-ch-06-table-6-4.png]
[worldhappiness.report/assets/images/2020/whr-2020-ch-06-fig-6-2.png]
[worldhappiness.report/assets/images/2020/whr-2020-ch-06-fig-6-3.png]
[worldhappiness.report/assets/images/2020/whr-2020-ch-06-fig-6-4.png]
[worldhappiness.report/assets/images/2020/whr-2020-ch-06-fig-6-5.png]
[worldhappiness.report/ed/2020/sustainable-development-and-human-well-being/index.html]
[worldhappiness.report/assets/images/2020/whr-2020-ch-07-lead.jpg]
[worldhappiness.report/assets/images/2020/whr-2020-ch-07-table-7-1.png]
[worldhappiness.report/assets/images/2020/whr-2020-ch-07-table-7-2.png]
[worldhappiness.report/ed/2020/the-nordic-exceptionalism-what-explains-why-the-nordic-countries-are-constantly-among-the-happiest-in-the-world/index.html]
[worldhappiness.report/assets/images/2020/whr-2020-ch-annex-fig-A-1.png]
[worldhappiness.report/assets/images/2020/whr-2020-ch-annex-fig-A-2.png]
[worldhappiness.report/ed/2020/annex-using-a-new-global-urban-rural-definition-called-the-degree-of-urbanisation-to-assess-happiness/index.html]
[worldhappiness.report/assets/images/whr-2019-ch1-photo.jpg]
[worldhappiness.report/assets/images/1-1.png]
[worldhappiness.report/assets/images/1-2.png]
[worldhappiness.report/ed/2019/happiness-and-community-an-overview/index.html]
[worldhappiness.report/assets/images/whr-2019-ch2-photo.jpg]
[worldhappiness.report/assets/images/2-1.png]
[worldhappiness.report/assets/images/2-2.png]
[worldhappiness.report/assets/images/2-3.png]
[worldhappiness.report/assets/images/2-4.png]
[worldhappiness.report/assets/images/2-5.png]
[worldhappiness.report/assets/images/2-6.png]
[worldhappiness.report/assets/images/2-1_Table.png]
[worldhappiness.report/assets/images/fig-2.7.png]
[worldhappiness.report/assets/images/2-2_Table.png]
[worldhappiness.report/assets/images/2-8.png]
[worldhappiness.report/ed/2019/changing-world-happiness/index.html]
[worldhappiness.report/assets/images/whr-2019-ch3-photo.jpg]
[worldhappiness.report/assets/images/3-1.png]
[worldhappiness.report/assets/images/3-2.png]
[worldhappiness.report/assets/images/3-3.png]
[worldhappiness.report/assets/images/3-4.png]
[worldhappiness.report/assets/images/3-5.png]
[worldhappiness.report/assets/images/3-6.png]
[worldhappiness.report/assets/images/3-1_table.png]
[worldhappiness.report/assets/images/3-2_table.png]
[worldhappiness.report/ed/2019/happiness-and-voting-behavior/index.html]
[worldhappiness.report/assets/images/whr-2019-ch4-photo.jpg]
[worldhappiness.report/assets/images/4-1.png]
[worldhappiness.report/assets/images/4-2.png]
[worldhappiness.report/assets/images/4-1A_table.png]
[worldhappiness.report/assets/images/4-1B_table.png]
[worldhappiness.report/assets/images/4-1C_table.png]
[worldhappiness.report/ed/2019/happiness-and-prosocial-behavior-an-evaluation-of-the-evidence/index.html]
[worldhappiness.report/assets/images/whr-2019-ch6-photo.jpg]
[worldhappiness.report/assets/images/6-1_Table.png]
[worldhappiness.report/assets/images/6-2_Table.png]
[worldhappiness.report/assets/images/6-1.png]
[worldhappiness.report/assets/images/6-2.png]
[worldhappiness.report/assets/images/6-3.png]
[worldhappiness.report/assets/images/6-4.png]
[worldhappiness.report/ed/2019/big-data-and-well-being/index.html]
[worldhappiness.report/assets/images/whr-2019-ch7-photo.jpg]
[worldhappiness.report/assets/images/7-1_Table.png]
[worldhappiness.report/ed/2019/addiction-and-unhappiness-in-america/index.html]
[worldhappiness.report/ed/2019/big-data-and-wellbeing/index.html]
[worldhappiness.report/blog/video-series-deep-dive-into-the-2021-world-happiness-report/index.html]
